***** Topology *****
AS 1 (11.0.0.0/8): cust=[]; prov=[2]; peer=[]
AS 2 (12.0.0.0/8): cust=[1]; prov=[]; peer=[]
***** Routes *****
AS 1
	11.0.0.0/8: 
	12.0.0.0/8: 2
AS 2
	11.0.0.0/8: 1
	12.0.0.0/8: 
