***** Topology *****
AS 1 (11.0.0.0/8): cust=[]; prov=[]; peer=[2]
AS 2 (12.0.0.0/8): cust=[]; prov=[]; peer=[1]
***** Routes *****
AS 1
	11.0.0.0/8: 
	12.0.0.0/8: 2
AS 2
	11.0.0.0/8: 1
	12.0.0.0/8: 
