***** Topology *****
AS 1 (11.0.0.0/8): cust=[]; prov=[2]; peer=[]
AS 2 (12.0.0.0/8): cust=[1]; prov=[]; peer=[3]
AS 3 (13.0.0.0/8): cust=[4]; prov=[]; peer=[2]
AS 4 (14.0.0.0/8): cust=[]; prov=[3]; peer=[]
***** Routes *****
AS 1
	11.0.0.0/8: 
	12.0.0.0/8: 2
	13.0.0.0/8: 2 -> 3
	14.0.0.0/8: 2 -> 3 -> 4
AS 2
	11.0.0.0/8: 1
	12.0.0.0/8: 
	13.0.0.0/8: 3
	14.0.0.0/8: 3 -> 4
AS 3
	11.0.0.0/8: 2 -> 1
	12.0.0.0/8: 2
	13.0.0.0/8: 
	14.0.0.0/8: 4
AS 4
	11.0.0.0/8: 3 -> 2 -> 1
	12.0.0.0/8: 3 -> 2
	13.0.0.0/8: 3
	14.0.0.0/8: 
