***** Topology *****
AS 1 (11.0.0.0/8): cust=[2,4]; prov=[]; peer=[]
AS 2 (12.0.0.0/8): cust=[3]; prov=[1]; peer=[]
AS 3 (13.0.0.0/8): cust=[5]; prov=[2]; peer=[]
AS 4 (14.0.0.0/8): cust=[5]; prov=[1]; peer=[]
AS 5 (15.0.0.0/8): cust=[]; prov=[3,4]; peer=[]
***** Routes *****
AS 1
	11.0.0.0/8: 
	12.0.0.0/8: 2
	13.0.0.0/8: 2 -> 3
	14.0.0.0/8: 4
	15.0.0.0/8: 4 -> 5
AS 2
	11.0.0.0/8: 1
	12.0.0.0/8: 
	13.0.0.0/8: 3
	14.0.0.0/8: 1 -> 4
	15.0.0.0/8: 3 -> 5
AS 3
	11.0.0.0/8: 2 -> 1
	12.0.0.0/8: 2
	13.0.0.0/8: 
	14.0.0.0/8: 2 -> 1 -> 4
	15.0.0.0/8: 5
AS 4
	11.0.0.0/8: 1
	12.0.0.0/8: 1 -> 2
	13.0.0.0/8: 1 -> 2 -> 3
	14.0.0.0/8: 
	15.0.0.0/8: 5
AS 5
	11.0.0.0/8: 4 -> 1
	12.0.0.0/8: 3 -> 2
	13.0.0.0/8: 3
	14.0.0.0/8: 4
	15.0.0.0/8: 
